%!Adobe-FontList 1.11
%Locale:0x409

%BeginFont
Handler:DirectoryHandler
FontType:Invalid
OutlineFileName:C:\Users\hary\Documents\Bromo - Bussines and Portofolio Site Templates\Font\demo.html
FileModTime:1320463772
%EndFont

%BeginFont
Handler:DirectoryHandler
FontType:Invalid
OutlineFileName:C:\Users\hary\Documents\Bromo - Bussines and Portofolio Site Templates\Font\Dieter Steffmann License.txt
FileModTime:1318910528
%EndFont

%BeginFont
Handler:DirectoryHandler
FontType:Invalid
OutlineFileName:C:\Users\hary\Documents\Bromo - Bussines and Portofolio Site Templates\Font\MarketingScript-webfont.eot
FileModTime:1293062792
%EndFont

%BeginFont
Handler:DirectoryHandler
FontType:Invalid
OutlineFileName:C:\Users\hary\Documents\Bromo - Bussines and Portofolio Site Templates\Font\MarketingScript-webfont.svg
FileModTime:1293062792
%EndFont

%BeginFont
Handler:DirectoryHandler
FontType:TrueType
FontName:MarketingScript
FamilyName:Marketing Script
StyleName:Regular
FullName:Marketing Script Regular
MenuName:Marketing Script
StyleBits:0
WritingScript:Roman
OutlineFileName:C:\Users\hary\Documents\Bromo - Bussines and Portofolio Site Templates\Font\MarketingScript-webfont.ttf
DataFormat:sfntData
FileLength:74692
FileModTime:1293062792
WeightClass:400
WidthClass:5
AngleClass:0
%EndFont

%BeginFont
Handler:DirectoryHandler
FontType:Invalid
OutlineFileName:C:\Users\hary\Documents\Bromo - Bussines and Portofolio Site Templates\Font\MarketingScript-webfont.woff
FileModTime:1293062792
%EndFont

%BeginFont
Handler:DirectoryHandler
FontType:Invalid
OutlineFileName:C:\Users\hary\Documents\Bromo - Bussines and Portofolio Site Templates\Font\SIL Open Font License 1.1.txt
FileModTime:1320372214
%EndFont

%BeginFont
Handler:DirectoryHandler
FontType:Invalid
OutlineFileName:C:\Users\hary\Documents\Bromo - Bussines and Portofolio Site Templates\Font\stylesheet.css
FileModTime:1320372214
%EndFont

%BeginFont
Handler:DirectoryHandler
FontType:Invalid
OutlineFileName:C:\Users\hary\Documents\Bromo - Bussines and Portofolio Site Templates\Font\TitilliumText22L001-webfont.eot
FileModTime:1293079588
%EndFont

%BeginFont
Handler:DirectoryHandler
FontType:Invalid
OutlineFileName:C:\Users\hary\Documents\Bromo - Bussines and Portofolio Site Templates\Font\TitilliumText22L001-webfont.svg
FileModTime:1293079590
%EndFont

%BeginFont
Handler:DirectoryHandler
FontType:TrueType
FontName:TitilliumText22L-Thin
FamilyName:TitilliumText22L
StyleName:Thin
FullName:TitilliumText22L Thin
MenuName:TitilliumText22L
StyleBits:0
WritingScript:Roman
OutlineFileName:C:\Users\hary\Documents\Bromo - Bussines and Portofolio Site Templates\Font\TitilliumText22L001-webfont.ttf
DataFormat:sfntData
FileLength:47892
FileModTime:1293079588
WeightClass:100
WidthClass:5
AngleClass:0
%EndFont

%BeginFont
Handler:DirectoryHandler
FontType:Invalid
OutlineFileName:C:\Users\hary\Documents\Bromo - Bussines and Portofolio Site Templates\Font\TitilliumText22L001-webfont.woff
FileModTime:1293079590
%EndFont

%BeginFont
Handler:DirectoryHandler
FontType:Invalid
OutlineFileName:C:\Users\hary\Documents\Bromo - Bussines and Portofolio Site Templates\Font\TitilliumText22L002-webfont.eot
FileModTime:1293079650
%EndFont

%BeginFont
Handler:DirectoryHandler
FontType:Invalid
OutlineFileName:C:\Users\hary\Documents\Bromo - Bussines and Portofolio Site Templates\Font\TitilliumText22L002-webfont.svg
FileModTime:1293079650
%EndFont

%BeginFont
Handler:DirectoryHandler
FontType:TrueType
FontName:TitilliumText22L-Light
FamilyName:TitilliumText22L
StyleName:Light
FullName:TitilliumText22L Light
MenuName:TitilliumText22L
StyleBits:0
WritingScript:Roman
OutlineFileName:C:\Users\hary\Documents\Bromo - Bussines and Portofolio Site Templates\Font\TitilliumText22L002-webfont.ttf
DataFormat:sfntData
FileLength:47076
FileModTime:1293079650
WeightClass:300
WidthClass:5
AngleClass:0
%EndFont

%BeginFont
Handler:DirectoryHandler
FontType:Invalid
OutlineFileName:C:\Users\hary\Documents\Bromo - Bussines and Portofolio Site Templates\Font\TitilliumText22L002-webfont.woff
FileModTime:1293079650
%EndFont

%BeginFont
Handler:DirectoryHandler
FontType:Invalid
OutlineFileName:C:\Users\hary\Documents\Bromo - Bussines and Portofolio Site Templates\Font\TitilliumText22L003-webfont.eot
FileModTime:1293079666
%EndFont

%BeginFont
Handler:DirectoryHandler
FontType:Invalid
OutlineFileName:C:\Users\hary\Documents\Bromo - Bussines and Portofolio Site Templates\Font\TitilliumText22L003-webfont.svg
FileModTime:1293079666
%EndFont

%BeginFont
Handler:DirectoryHandler
FontType:TrueType
FontName:TitilliumText22L-Regular
FamilyName:TitilliumText22L
StyleName:Regular
FullName:TitilliumText22L Regular
MenuName:TitilliumText22L
StyleBits:0
WritingScript:Roman
OutlineFileName:C:\Users\hary\Documents\Bromo - Bussines and Portofolio Site Templates\Font\TitilliumText22L003-webfont.ttf
DataFormat:sfntData
FileLength:46396
FileModTime:1293079666
WeightClass:400
WidthClass:5
AngleClass:0
%EndFont

%BeginFont
Handler:DirectoryHandler
FontType:Invalid
OutlineFileName:C:\Users\hary\Documents\Bromo - Bussines and Portofolio Site Templates\Font\TitilliumText22L003-webfont.woff
FileModTime:1293079666
%EndFont

%BeginFont
Handler:DirectoryHandler
FontType:Invalid
OutlineFileName:C:\Users\hary\Documents\Bromo - Bussines and Portofolio Site Templates\Font\TitilliumText22L004-webfont.eot
FileModTime:1293079604
%EndFont

%BeginFont
Handler:DirectoryHandler
FontType:Invalid
OutlineFileName:C:\Users\hary\Documents\Bromo - Bussines and Portofolio Site Templates\Font\TitilliumText22L004-webfont.svg
FileModTime:1293079604
%EndFont

%BeginFont
Handler:DirectoryHandler
FontType:TrueType
FontName:TitilliumText22L-Medium
FamilyName:TitilliumText22L
StyleName:Medium
FullName:TitilliumText22L Medium
MenuName:TitilliumText22L
StyleBits:0
WritingScript:Roman
OutlineFileName:C:\Users\hary\Documents\Bromo - Bussines and Portofolio Site Templates\Font\TitilliumText22L004-webfont.ttf
DataFormat:sfntData
FileLength:44608
FileModTime:1293079604
WeightClass:500
WidthClass:5
AngleClass:0
%EndFont

%BeginFont
Handler:DirectoryHandler
FontType:Invalid
OutlineFileName:C:\Users\hary\Documents\Bromo - Bussines and Portofolio Site Templates\Font\TitilliumText22L004-webfont.woff
FileModTime:1293079604
%EndFont

%BeginFont
Handler:DirectoryHandler
FontType:Invalid
OutlineFileName:C:\Users\hary\Documents\Bromo - Bussines and Portofolio Site Templates\Font\TitilliumText22L005-webfont.eot
FileModTime:1293079620
%EndFont

%BeginFont
Handler:DirectoryHandler
FontType:Invalid
OutlineFileName:C:\Users\hary\Documents\Bromo - Bussines and Portofolio Site Templates\Font\TitilliumText22L005-webfont.svg
FileModTime:1293079620
%EndFont

%BeginFont
Handler:DirectoryHandler
FontType:TrueType
FontName:TitilliumText22L-Bold
FamilyName:TitilliumText22L
StyleName:Bold
FullName:TitilliumText22L Bold
MenuName:TitilliumText22L
StyleBits:2
WritingScript:Roman
OutlineFileName:C:\Users\hary\Documents\Bromo - Bussines and Portofolio Site Templates\Font\TitilliumText22L005-webfont.ttf
DataFormat:sfntData
FileLength:44436
FileModTime:1293079620
WeightClass:700
WidthClass:5
AngleClass:0
%EndFont

%BeginFont
Handler:DirectoryHandler
FontType:Invalid
OutlineFileName:C:\Users\hary\Documents\Bromo - Bussines and Portofolio Site Templates\Font\TitilliumText22L005-webfont.woff
FileModTime:1293079620
%EndFont

%BeginFont
Handler:DirectoryHandler
FontType:Invalid
OutlineFileName:C:\Users\hary\Documents\Bromo - Bussines and Portofolio Site Templates\Font\TitilliumText22L006-webfont.eot
FileModTime:1293079634
%EndFont

%BeginFont
Handler:DirectoryHandler
FontType:Invalid
OutlineFileName:C:\Users\hary\Documents\Bromo - Bussines and Portofolio Site Templates\Font\TitilliumText22L006-webfont.svg
FileModTime:1293079634
%EndFont

%BeginFont
Handler:DirectoryHandler
FontType:TrueType
FontName:TitilliumText22L-XBold
FamilyName:TitilliumText22L
StyleName:XBold
FullName:TitilliumText22L XBold
MenuName:TitilliumText22L
StyleBits:2
WritingScript:Roman
OutlineFileName:C:\Users\hary\Documents\Bromo - Bussines and Portofolio Site Templates\Font\TitilliumText22L006-webfont.ttf
DataFormat:sfntData
FileLength:43316
FileModTime:1293079634
WeightClass:400
WidthClass:5
AngleClass:0
%EndFont

%BeginFont
Handler:DirectoryHandler
FontType:Invalid
OutlineFileName:C:\Users\hary\Documents\Bromo - Bussines and Portofolio Site Templates\Font\TitilliumText22L006-webfont.woff
FileModTime:1293079636
%EndFont

